******************************************************************************
            TI ARM Clang Linker PC v3.2.1                      
******************************************************************************
>> Linked Sun Jan 28 20:13:01 2024

OUTPUT FILE NAME:   <ECE319K_Lab1.out>
ENTRY POINT SYMBOL: "_c_int00_noargs"  address: 00001239


MEMORY CONFIGURATION

         name            origin    length      used     unused   attr    fill
----------------------  --------  ---------  --------  --------  ----  --------
  FLASH                 00000000   00020000  000018d0  0001e730  R  X
  SRAM                  20200000   00008000  00000595  00007a6b  RW X
  BCR_CONFIG            41c00000   00000080  00000000  00000080  R   
  BSL_CONFIG            41c00100   00000080  00000000  00000080  R   


SEGMENT ALLOCATION MAP

run origin  load origin   length   init length attrs members
----------  ----------- ---------- ----------- ----- -------
00000000    00000000    000018d0   000018d0    r-x
  00000000    00000000    000000c0   000000c0    r-- .intvecs
  000000c0    000000c0    000012d0   000012d0    r-x .text
  00001390    00001390    00000510   00000510    r-- .rodata
  000018a0    000018a0    00000030   00000030    r-- .cinit
20200000    20200000    00000398   00000000    rw-
  20200000    20200000    00000200   00000000    rw- .sysmem
  20200200    20200200    00000191   00000000    rw- .bss
  20200394    20200394    00000004   00000000    rw- .data
20207e00    20207e00    00000200   00000000    rw-
  20207e00    20207e00    00000200   00000000    rw- .stack


SECTION ALLOCATION MAP

 output                                  attributes/
section   page    origin      length       input sections
--------  ----  ----------  ----------   ----------------
.intvecs   0    00000000    000000c0     
                  00000000    000000c0     startup_mspm0g3507_ticlang.o (.intvecs)

.text      0    000000c0    000012d0     
                  000000c0    000004fc     ECE319K_Lab1main.o (.text.Run)
                  000005bc    00000264     ECE319K_Lab1main.o (.text.main)
                  00000820    00000134     Clock.o (.text.Clock_Init40MHz)
                  00000954    000000f4     ECE319K_Lab1main.o (.text.BuildEID)
                  00000a48    000000ec     ECE319K_Lab1main.o (.text.OptFill2)
                  00000b34    000000e8     ECE319K_Lab1main.o (.text.OptFill6)
                  00000c1c    000000e8     UARTbusywait.o (.text.UART_Init)
                  00000d04    000000d0     ECE319K_Lab1main.o (.text.OptFill1)
                  00000dd4    000000a4     ECE319K_Lab1main.o (.text.Show)
                  00000e78    00000098     ECE319K_Lab1main.o (.text.OptFill3)
                  00000f10    00000098     ECE319K_Lab1main.o (.text.OptFill4)
                  00000fa8    0000007c     LaunchPad.o (.text.LaunchPad_Init)
                  00001024    00000078     libc.a : copy_decompress_lzss.c.obj (.text:decompress:lzss)
                  0000109c    00000058     ECE319K_Lab1.o (.text)
                  000010f4    00000040     libclang_rt.builtins.a : aeabi_uidivmod.S.obj (.text.__aeabi_uidivmod)
                  00001134    0000003c     libc.a : autoinit.c.obj (.text:__TI_auto_init_nobinit_nopinit)
                  00001170    00000038     LaunchPad.o (.text.ActivatePortA_B)
                  000011a8    00000036     UART.o (.text.UART_OutUDec)
                  000011de    00000002     libclang_rt.builtins.a : aeabi_div0.c.obj (.text.__aeabi_idiv0)
                  000011e0    0000002c     ECE319K_Lab1main.o (.text.OptFill5)
                  0000120c    0000002c     UARTbusywait.o (.text.UART_OutChar)
                  00001238    00000028     libc.a : boot_cortex_m.c.obj (.text:_c_int00_noargs)
                  00001260    00000026     UART.o (.text.UART_OutSDec)
                  00001286    00000026     UART.o (.text.UART_OutString)
                  000012ac    00000020     ECE319K_Lab1main.o (.text.Random32)
                  000012cc    00000018     ECE319K_Lab1main.o (.text.Random)
                  000012e4    00000016     libc.a : copy_zero_init.c.obj (.text:decompress:ZI:__TI_zero_init_nomemset)
                  000012fa    00000014            : strcmp.c.obj (.text.strcmp)
                  0000130e    00000012            : memcpy16.S.obj (.text:TI_memcpy_small)
                  00001320    00000012            : copy_decompress_none.c.obj (.text:decompress:none)
                  00001332    00000010     Clock.o (.text.Clock_Delay)
                  00001342    00000002     --HOLE-- [fill = 0]
                  00001344    00000010     ECE319K_Lab1main.o (.text.EndLab1)
                  00001354    0000000e     libc.a : strcpy.c.obj (.text.strcpy)
                  00001362    00000002     --HOLE-- [fill = 0]
                  00001364    0000000c     Clock.o (.text.Clock_Freq)
                  00001370    00000008     libclang_rt.builtins.a : aeabi_memcpy.S.obj (.text.__aeabi_memcpy)
                  00001378    00000004     startup_mspm0g3507_ticlang.o (.text.Default_Handler)
                  0000137c    00000004     startup_mspm0g3507_ticlang.o (.text.HardFault_Handler)
                  00001380    00000004     startup_mspm0g3507_ticlang.o (.text.Reset_Handler)
                  00001384    00000004     libc.a : pre_init.c.obj (.text._system_pre_init)
                  00001388    00000004            : exit.c.obj (.text:abort)
                  0000138c    00000004     --HOLE-- [fill = 0]

.cinit     0    000018a0    00000030     
                  000018a0    0000000c     (__TI_handler_table)
                  000018ac    00000008     (.cinit..bss.load) [load image, compression = zero_init]
                  000018b4    00000008     (.cinit..data.load) [load image, compression = lzss]
                  000018bc    00000010     (__TI_cinit_table)
                  000018cc    00000004     --HOLE-- [fill = 0]

.rodata    0    00001390    00000510     
                  00001390    00000070     ECE319K_Lab1main.o (.rodata.Opt1)
                  00001400    00000070     ECE319K_Lab1main.o (.rodata.Opt2)
                  00001470    0000006e     ECE319K_Lab1main.o (.rodata.Opt6)
                  000014de    00000057     ECE319K_Lab1main.o (.rodata.Opt3)
                  00001535    00000057     ECE319K_Lab1main.o (.rodata.Opt5)
                  0000158c    00000056     ECE319K_Lab1main.o (.rodata.Opt4)
                  000015e2    00000047     ECE319K_Lab1main.o (.rodata.str1.163060335994480427041)
                  00001629    0000003b     ECE319K_Lab1main.o (.rodata.str1.134533382723421912541)
                  00001664    0000002e     ECE319K_Lab1main.o (.rodata.str1.88130975178302962671)
                  00001692    0000002c     ECE319K_Lab1main.o (.rodata.str1.171061013099872354611)
                  000016be    00000028     ECE319K_Lab1main.o (.rodata.str1.156919034207313768371)
                  000016e6    00000026     ECE319K_Lab1main.o (.rodata.str1.7754857391833641521)
                  0000170c    00000023     ECE319K_Lab1main.o (.rodata.str1.39516996995994929581)
                  0000172f    0000001e     ECE319K_Lab1main.o (.rodata.str1.139178860879634599051)
                  0000174d    0000001d     ECE319K_Lab1main.o (.rodata.str1.167890065834073272361)
                  0000176a    00000017     ECE319K_Lab1main.o (.rodata.str1.84444157469788189111)
                  00001781    00000013     ECE319K_Lab1main.o (.rodata.str1.147668843820558029571)
                  00001794    00000013     ECE319K_Lab1main.o (.rodata.str1.150179871574014534011)
                  000017a7    00000013     ECE319K_Lab1main.o (.rodata.str1.162283719960674350561)
                  000017ba    00000013     ECE319K_Lab1main.o (.rodata.str1.182960107310438240231)
                  000017cd    00000013     ECE319K_Lab1main.o (.rodata.str1.43935318045275605741)
                  000017e0    00000013     ECE319K_Lab1main.o (.rodata.str1.60947101976251503901)
                  000017f3    0000000d     ECE319K_Lab1main.o (.rodata.str1.126592467977373899371)
                  00001800    0000000d     ECE319K_Lab1main.o (.rodata.str1.25640909251183751091)
                  0000180d    0000000c     ECE319K_Lab1main.o (.rodata.str1.41484206381787524711)
                  00001819    0000000b     ECE319K_Lab1main.o (.rodata.str1.104576770031174433591)
                  00001824    0000000b     ECE319K_Lab1main.o (.rodata.str1.162412482790923151561)
                  0000182f    0000000b     ECE319K_Lab1main.o (.rodata.str1.165002271060964120291)
                  0000183a    0000000b     ECE319K_Lab1main.o (.rodata.str1.183039559676207804991)
                  00001845    0000000b     ECE319K_Lab1main.o (.rodata.str1.50182957482270350171)
                  00001850    0000000b     ECE319K_Lab1main.o (.rodata.str1.80937711643324500031)
                  0000185b    0000000a     ECE319K_Lab1main.o (.rodata.str1.33898935830638350671)
                  00001865    0000000a     ECE319K_Lab1main.o (.rodata.str1.65782495191619476051)
                  0000186f    00000009     ECE319K_Lab1main.o (.rodata.str1.80390070551927079691)
                  00001878    00000008     ECE319K_Lab1main.o (.rodata.str1.169765288363600221491)
                  00001880    00000008     ECE319K_Lab1main.o (.rodata.str1.93589813142390325641)
                  00001888    00000007     ECE319K_Lab1main.o (.rodata.str1.127471503601400687921)
                  0000188f    00000004     ECE319K_Lab1main.o (.rodata.str1.162247870177006340061)
                  00001893    00000004     ECE319K_Lab1main.o (.rodata.str1.93435587975187539531)
                  00001897    00000003     ECE319K_Lab1main.o (.rodata.str1.51327310685510252291)
                  0000189a    00000003     ECE319K_Lab1main.o (.rodata.str1.53413270807344408511)
                  0000189d    00000003     ECE319K_Lab1main.o (.rodata.str1.58406981193345693951)

.init_array 
*          0    00000000    00000000     UNINITIALIZED

.binit     0    00000000    00000000     

.sysmem    0    20200000    00000200     UNINITIALIZED
                  20200000    00000010     libc.a : memory.c.obj (.sysmem)
                  20200010    000001f0     --HOLE--

.bss       0    20200200    00000191     UNINITIALIZED
                  20200200    000000c8     (.common:EIDs)
                  202002c8    00000050     (.common:List)
                  20200318    00000020     (.common:Correct)
                  20200338    00000014     (.common:student)
                  2020034c    00000014     (.common:student1)
                  20200360    00000014     (.common:student2)
                  20200374    00000004     (.common:Dummy)
                  20200378    00000004     (.common:IndexAtNumber)
                  2020037c    00000004     (.common:M)
                  20200380    00000004     (.common:Option)
                  20200384    00000004     (.common:Score)
                  20200388    00000004     (.common:SizeofEID)
                  2020038c    00000004     (.common:YourAns)
                  20200390    00000001     (.common:SecondLetter)

.data      0    20200394    00000004     UNINITIALIZED
                  20200394    00000004     Clock.o (.data.BusFreq)

.stack     0    20207e00    00000200     UNINITIALIZED
                  20207e00    00000004     libc.a : boot_cortex_m.c.obj (.stack)
                  20207e04    000001fc     --HOLE--

__llvm_prf_cnts 
*          0    20200000    00000000     UNINITIALIZED

__llvm_prf_bits 
*          0    20200000    00000000     UNINITIALIZED

MODULE SUMMARY

       Module                         code   ro data   rw data
       ------                         ----   -------   -------
    .\
       ECE319K_Lab1main.o             3392   1296      401    
       Clock.o                        336    0         4      
       UARTbusywait.o                 276    0         0      
       LaunchPad.o                    180    0         0      
       UART.o                         130    0         0      
       ECE319K_Lab1.o                 88     0         0      
    +--+------------------------------+------+---------+---------+
       Total:                         4402   1296      405    
                                                              
    .\ticlang\
       startup_mspm0g3507_ticlang.o   12     192       0      
    +--+------------------------------+------+---------+---------+
       Total:                         12     192       0      
                                                              
    C:\ti\ccs1260\ccs\tools\compiler\ti-cgt-armllvm_3.2.1.LTS\lib\armv6m-ti-none-eabi/c/libc.a
       copy_decompress_lzss.c.obj     120    0         0      
       autoinit.c.obj                 60     0         0      
       boot_cortex_m.c.obj            40     0         0      
       copy_zero_init.c.obj           22     0         0      
       strcmp.c.obj                   20     0         0      
       copy_decompress_none.c.obj     18     0         0      
       memcpy16.S.obj                 18     0         0      
       strcpy.c.obj                   14     0         0      
       exit.c.obj                     4      0         0      
       pre_init.c.obj                 4      0         0      
    +--+------------------------------+------+---------+---------+
       Total:                         320    0         0      
                                                              
    C:\ti\ccs1260\ccs\tools\compiler\ti-cgt-armllvm_3.2.1.LTS\lib\clang/15.0.7/lib/armv6m-ti-none-eabi/libclang_rt.builtins.a
       aeabi_uidivmod.S.obj           64     0         0      
       aeabi_memcpy.S.obj             8      0         0      
       aeabi_div0.c.obj               2      0         0      
    +--+------------------------------+------+---------+---------+
       Total:                         74     0         0      
                                                              
       Heap:                          0      0         512    
       Stack:                         0      0         512    
       Linker Generated:              0      44        0      
    +--+------------------------------+------+---------+---------+
       Grand Total:                   4808   1532      1429   


LINKER GENERATED COPY TABLES

__TI_cinit_table @ 000018bc records: 2, size/record: 8, table size: 16
	.bss: load addr=000018ac, load size=00000008 bytes, run addr=20200200, run size=00000191 bytes, compression=zero_init
	.data: load addr=000018b4, load size=00000008 bytes, run addr=20200394, run size=00000004 bytes, compression=lzss


LINKER GENERATED HANDLER TABLE

__TI_handler_table @ 000018a0 records: 3, size/record: 4, table size: 12
	index: 0, handler: __TI_decompress_lzss
	index: 1, handler: __TI_decompress_none
	index: 2, handler: __TI_zero_init


GLOBAL SYMBOLS: SORTED ALPHABETICALLY BY Name 

address   name                          
-------   ----                          
00001379  ADC0_IRQHandler               
00001379  ADC1_IRQHandler               
00001379  AES_IRQHandler                
00001171  ActivatePortA_B               
00000955  BuildEID                      
20200394  BusFreq                       
00001388  C$$EXIT                       
00001379  CANFD0_IRQHandler             
00001333  Clock_Delay                   
00001365  Clock_Freq                    
00000821  Clock_Init40MHz               
20200318  Correct                       
00001379  DAC0_IRQHandler               
00001379  DMA_IRQHandler                
00001379  Default_Handler               
20200374  Dummy                         
0000109c  EID                           
20200200  EIDs                          
00001345  EndLab1                       
00001379  GROUP0_IRQHandler             
00001379  GROUP1_IRQHandler             
0000137d  HardFault_Handler             
00001379  I2C0_IRQHandler               
00001379  I2C1_IRQHandler               
20200378  IndexAtNumber                 
000010a8  Lab1                          
00000fa9  LaunchPad_Init                
202002c8  List                          
2020037c  M                             
00001379  NMI_Handler                   
00001390  Opt1                          
00001400  Opt2                          
000014de  Opt3                          
0000158c  Opt4                          
00001535  Opt5                          
00001470  Opt6                          
00000d05  OptFill1                      
00000a49  OptFill2                      
00000e79  OptFill3                      
00000f11  OptFill4                      
000011e1  OptFill5                      
00000b35  OptFill6                      
20200380  Option                        
00001379  PendSV_Handler                
000010a4  Phase                         
00001379  RTC_IRQHandler                
000012cd  Random                        
000012ad  Random32                      
00001381  Reset_Handler                 
000000c1  Run                           
00001379  SPI0_IRQHandler               
00001379  SPI1_IRQHandler               
00001379  SVC_Handler                   
20200384  Score                         
20200390  SecondLetter                  
00000dd5  Show                          
20200388  SizeofEID                     
00001379  SysTick_Handler               
00001379  TIMA0_IRQHandler              
00001379  TIMA1_IRQHandler              
00001379  TIMG0_IRQHandler              
00001379  TIMG12_IRQHandler             
00001379  TIMG6_IRQHandler              
00001379  TIMG7_IRQHandler              
00001379  TIMG8_IRQHandler              
0000130f  TI_memcpy_small               
00001379  UART0_IRQHandler              
00001379  UART1_IRQHandler              
00001379  UART2_IRQHandler              
00001379  UART3_IRQHandler              
00000c1d  UART_Init                     
0000120d  UART_OutChar                  
00001261  UART_OutSDec                  
00001287  UART_OutString                
000011a9  UART_OutUDec                  
2020038c  YourAns                       
20208000  __STACK_END                   
00000200  __STACK_SIZE                  
00000200  __SYSMEM_SIZE                 
00000000  __TI_ATRegion0_region_sz      
00000000  __TI_ATRegion0_src_addr       
00000000  __TI_ATRegion0_trg_addr       
00000000  __TI_ATRegion1_region_sz      
00000000  __TI_ATRegion1_src_addr       
00000000  __TI_ATRegion1_trg_addr       
00000000  __TI_ATRegion2_region_sz      
00000000  __TI_ATRegion2_src_addr       
00000000  __TI_ATRegion2_trg_addr       
000018bc  __TI_CINIT_Base               
000018cc  __TI_CINIT_Limit              
000018cc  __TI_CINIT_Warm               
000018a0  __TI_Handler_Table_Base       
000018ac  __TI_Handler_Table_Limit      
00001135  __TI_auto_init_nobinit_nopinit
00001025  __TI_decompress_lzss          
00001321  __TI_decompress_none          
ffffffff  __TI_pprof_out_hndl           
ffffffff  __TI_prof_data_size           
ffffffff  __TI_prof_data_start          
00000000  __TI_static_base__            
000012e5  __TI_zero_init_nomemset       
000011df  __aeabi_idiv0                 
00001371  __aeabi_memcpy                
00001371  __aeabi_memcpy4               
00001371  __aeabi_memcpy8               
000010f5  __aeabi_uidiv                 
000010f5  __aeabi_uidivmod              
ffffffff  __binit__                     
UNDEFED   __mpu_init                    
20207e00  __stack                       
20200000  __start___llvm_prf_bits       
20200000  __start___llvm_prf_cnts       
20200000  __stop___llvm_prf_bits        
20200000  __stop___llvm_prf_cnts        
00001239  _c_int00_noargs               
20200000  _sys_memory                   
UNDEFED   _system_post_cinit            
00001385  _system_pre_init              
00001389  abort                         
ffffffff  binit                         
00000000  interruptVectors              
000005bd  main                          
000012fb  strcmp                        
00001355  strcpy                        
20200338  student                       
2020034c  student1                      
20200360  student2                      


GLOBAL SYMBOLS: SORTED BY Symbol Address 

address   name                          
-------   ----                          
00000000  __TI_ATRegion0_region_sz      
00000000  __TI_ATRegion0_src_addr       
00000000  __TI_ATRegion0_trg_addr       
00000000  __TI_ATRegion1_region_sz      
00000000  __TI_ATRegion1_src_addr       
00000000  __TI_ATRegion1_trg_addr       
00000000  __TI_ATRegion2_region_sz      
00000000  __TI_ATRegion2_src_addr       
00000000  __TI_ATRegion2_trg_addr       
00000000  __TI_static_base__            
00000000  interruptVectors              
000000c1  Run                           
00000200  __STACK_SIZE                  
00000200  __SYSMEM_SIZE                 
000005bd  main                          
00000821  Clock_Init40MHz               
00000955  BuildEID                      
00000a49  OptFill2                      
00000b35  OptFill6                      
00000c1d  UART_Init                     
00000d05  OptFill1                      
00000dd5  Show                          
00000e79  OptFill3                      
00000f11  OptFill4                      
00000fa9  LaunchPad_Init                
00001025  __TI_decompress_lzss          
0000109c  EID                           
000010a4  Phase                         
000010a8  Lab1                          
000010f5  __aeabi_uidiv                 
000010f5  __aeabi_uidivmod              
00001135  __TI_auto_init_nobinit_nopinit
00001171  ActivatePortA_B               
000011a9  UART_OutUDec                  
000011df  __aeabi_idiv0                 
000011e1  OptFill5                      
0000120d  UART_OutChar                  
00001239  _c_int00_noargs               
00001261  UART_OutSDec                  
00001287  UART_OutString                
000012ad  Random32                      
000012cd  Random                        
000012e5  __TI_zero_init_nomemset       
000012fb  strcmp                        
0000130f  TI_memcpy_small               
00001321  __TI_decompress_none          
00001333  Clock_Delay                   
00001345  EndLab1                       
00001355  strcpy                        
00001365  Clock_Freq                    
00001371  __aeabi_memcpy                
00001371  __aeabi_memcpy4               
00001371  __aeabi_memcpy8               
00001379  ADC0_IRQHandler               
00001379  ADC1_IRQHandler               
00001379  AES_IRQHandler                
00001379  CANFD0_IRQHandler             
00001379  DAC0_IRQHandler               
00001379  DMA_IRQHandler                
00001379  Default_Handler               
00001379  GROUP0_IRQHandler             
00001379  GROUP1_IRQHandler             
00001379  I2C0_IRQHandler               
00001379  I2C1_IRQHandler               
00001379  NMI_Handler                   
00001379  PendSV_Handler                
00001379  RTC_IRQHandler                
00001379  SPI0_IRQHandler               
00001379  SPI1_IRQHandler               
00001379  SVC_Handler                   
00001379  SysTick_Handler               
00001379  TIMA0_IRQHandler              
00001379  TIMA1_IRQHandler              
00001379  TIMG0_IRQHandler              
00001379  TIMG12_IRQHandler             
00001379  TIMG6_IRQHandler              
00001379  TIMG7_IRQHandler              
00001379  TIMG8_IRQHandler              
00001379  UART0_IRQHandler              
00001379  UART1_IRQHandler              
00001379  UART2_IRQHandler              
00001379  UART3_IRQHandler              
0000137d  HardFault_Handler             
00001381  Reset_Handler                 
00001385  _system_pre_init              
00001388  C$$EXIT                       
00001389  abort                         
00001390  Opt1                          
00001400  Opt2                          
00001470  Opt6                          
000014de  Opt3                          
00001535  Opt5                          
0000158c  Opt4                          
000018a0  __TI_Handler_Table_Base       
000018ac  __TI_Handler_Table_Limit      
000018bc  __TI_CINIT_Base               
000018cc  __TI_CINIT_Limit              
000018cc  __TI_CINIT_Warm               
20200000  __start___llvm_prf_bits       
20200000  __start___llvm_prf_cnts       
20200000  __stop___llvm_prf_bits        
20200000  __stop___llvm_prf_cnts        
20200000  _sys_memory                   
20200200  EIDs                          
202002c8  List                          
20200318  Correct                       
20200338  student                       
2020034c  student1                      
20200360  student2                      
20200374  Dummy                         
20200378  IndexAtNumber                 
2020037c  M                             
20200380  Option                        
20200384  Score                         
20200388  SizeofEID                     
2020038c  YourAns                       
20200390  SecondLetter                  
20200394  BusFreq                       
20207e00  __stack                       
20208000  __STACK_END                   
ffffffff  __TI_pprof_out_hndl           
ffffffff  __TI_prof_data_size           
ffffffff  __TI_prof_data_start          
ffffffff  __binit__                     
ffffffff  binit                         
UNDEFED   __mpu_init                    
UNDEFED   _system_post_cinit            

[127 symbols]
