******************************************************************************
            TI ARM Clang Linker PC v3.2.1                      
******************************************************************************
>> Linked Tue Feb  6 11:11:25 2024

OUTPUT FILE NAME:   <ECE319K_Lab2.out>
ENTRY POINT SYMBOL: "_c_int00_noargs"  address: 00000fb9


MEMORY CONFIGURATION

         name            origin    length      used     unused   attr    fill
----------------------  --------  ---------  --------  --------  ----  --------
  FLASH                 00000000   00020000  00001518  0001eae8  R  X
  SRAM                  20200000   00008000  0000044c  00007bb4  RW X
  BCR_CONFIG            41c00000   00000080  00000000  00000080  R   
  BSL_CONFIG            41c00100   00000080  00000000  00000080  R   


SEGMENT ALLOCATION MAP

run origin  load origin   length   init length attrs members
----------  ----------- ---------- ----------- ----- -------
00000000    00000000    00001518   00001518    r-x
  00000000    00000000    000000c0   000000c0    r-- .intvecs
  000000c0    000000c0    00001008   00001008    r-x .text
  000010c8    000010c8    00000420   00000420    r-- .rodata
  000014e8    000014e8    00000030   00000030    r-- .cinit
20200000    20200000    0000024c   00000000    rw-
  20200000    20200000    00000200   00000000    rw- .sysmem
  20200200    20200200    00000034   00000000    rw- .bss
  20200234    20200234    00000018   00000000    rw- .data
20207e00    20207e00    00000200   00000000    rw-
  20207e00    20207e00    00000200   00000000    rw- .stack


SECTION ALLOCATION MAP

 output                                  attributes/
section   page    origin      length       input sections
--------  ----  ----------  ----------   ----------------
.intvecs   0    00000000    000000c0     
                  00000000    000000c0     startup_mspm0g3507_ticlang.o (.intvecs)

.text      0    000000c0    00001008     
                  000000c0    000001bc     ECE319K_Lab2.o (.text)
                  0000027c    000001b4     Clock.o (.text.Clock_Init80MHz)
                  00000430    00000188     ECE319K_Lab2main.o (.text.TIMG0_IRQHandler)
                  000005b8    00000168     ECE319K_Lab2main.o (.text.Lab2Grader)
                  00000720    00000134     ECE319K_Lab2main.o (.text.ADC_Init)
                  00000854    000000e8     UARTbusywait.o (.text.UART_Init)
                  0000093c    000000ac     ECE319K_Lab2main.o (.text.ShowProblem)
                  000009e8    000000a8     Timer.o (.text.TimerG7_IntArm)
                  00000a90    000000a4     ECE319K_Lab2main.o (.text.CheckInit)
                  00000b34    000000a4     Timer.o (.text.TimerG0_IntArm)
                  00000bd8    00000094     ECE319K_Lab2main.o (.text.main)
                  00000c6c    0000007c     LaunchPad.o (.text.LaunchPad_Init)
                  00000ce8    00000078     libc.a : copy_decompress_lzss.c.obj (.text:decompress:lzss)
                  00000d60    0000005c     ECE319K_Lab2main.o (.text.AddPoints)
                  00000dbc    00000054     ECE319K_Lab2main.o (.text.TIMG7_IRQHandler)
                  00000e10    00000040     libclang_rt.builtins.a : aeabi_uidivmod.S.obj (.text.__aeabi_uidivmod)
                  00000e50    0000003c     libc.a : autoinit.c.obj (.text:__TI_auto_init_nobinit_nopinit)
                  00000e8c    00000038     LaunchPad.o (.text.ActivatePortA_B)
                  00000ec4    00000036     UART.o (.text.UART_OutUDec)
                  00000efa    00000002     Dump.o (.text.Debug_Init)
                  00000efc    00000034     ECE319K_Lab2main.o (.text.EndLab2)
                  00000f30    00000034     ECE319K_Lab2main.o (.text.setUpper)
                  00000f64    0000002c     UARTbusywait.o (.text.UART_OutChar)
                  00000f90    00000028     ECE319K_Lab2main.o (.text.ADC_Start)
                  00000fb8    00000028     libc.a : boot_cortex_m.c.obj (.text:_c_int00_noargs)
                  00000fe0    00000026     UART.o (.text.UART_OutString)
                  00001006    00000002     libclang_rt.builtins.a : aeabi_div0.c.obj (.text.__aeabi_idiv0)
                  00001008    00000020     ECE319K_Lab2main.o (.text.Random32)
                  00001028    00000018     ECE319K_Lab2main.o (.text.Random)
                  00001040    00000016     libc.a : copy_zero_init.c.obj (.text:decompress:ZI:__TI_zero_init_nomemset)
                  00001056    00000014            : strcmp.c.obj (.text.strcmp)
                  0000106a    00000012            : memcpy16.S.obj (.text:TI_memcpy_small)
                  0000107c    00000012            : copy_decompress_none.c.obj (.text:decompress:none)
                  0000108e    00000010     Clock.o (.text.Clock_Delay)
                  0000109e    00000002     --HOLE-- [fill = 0]
                  000010a0    0000000c     Clock.o (.text.Clock_Freq)
                  000010ac    00000008     libclang_rt.builtins.a : aeabi_memcpy.S.obj (.text.__aeabi_memcpy)
                  000010b4    00000004     startup_mspm0g3507_ticlang.o (.text.Default_Handler)
                  000010b8    00000004     startup_mspm0g3507_ticlang.o (.text.HardFault_Handler)
                  000010bc    00000004     startup_mspm0g3507_ticlang.o (.text.Reset_Handler)
                  000010c0    00000004     libc.a : pre_init.c.obj (.text._system_pre_init)
                  000010c4    00000004            : exit.c.obj (.text:abort)

.cinit     0    000014e8    00000030     
                  000014e8    0000000c     (.cinit..data.load) [load image, compression = lzss]
                  000014f4    0000000c     (__TI_handler_table)
                  00001500    00000008     (.cinit..bss.load) [load image, compression = zero_init]
                  00001508    00000010     (__TI_cinit_table)

.rodata    0    000010c8    00000420     
                  000010c8    00000140     ECE319K_Lab2main.o (.rodata.ChangeProblem)
                  00001208    000000f0     ECE319K_Lab2main.o (.rodata.LEDProblem)
                  000012f8    00000080     ECE319K_Lab2main.o (.rodata.Duties)
                  00001378    0000002c     ECE319K_Lab2main.o (.rodata.str1.163491330983703258841)
                  000013a4    00000029     ECE319K_Lab2main.o (.rodata.str1.27311545600743103651)
                  000013cd    00000023     ECE319K_Lab2main.o (.rodata.str1.43399957948003435581)
                  000013f0    00000022     ECE319K_Lab2main.o (.rodata.str1.116210444541870034391)
                  00001412    0000001e     ECE319K_Lab2main.o (.rodata.str1.53931269655169071131)
                  00001430    0000001c     ECE319K_Lab2main.o (.rodata.str1.160997575938393848691)
                  0000144c    00000019     ECE319K_Lab2main.o (.rodata.str1.109237092111786504211)
                  00001465    00000017     ECE319K_Lab2main.o (.rodata.str1.29916743085436818801)
                  0000147c    00000010     ECE319K_Lab2main.o (.rodata.ChangeMask)
                  0000148c    00000010     ECE319K_Lab2main.o (.rodata.InMux)
                  0000149c    0000000e     ECE319K_Lab2main.o (.rodata.str1.21762917013967873481)
                  000014aa    00000002     --HOLE-- [fill = 0]
                  000014ac    0000000c     ECE319K_Lab2main.o (.rodata.LEDMask)
                  000014b8    0000000c     ECE319K_Lab2main.o (.rodata.OutMux)
                  000014c4    0000000b     ECE319K_Lab2main.o (.rodata.str1.30391910158641693251)
                  000014cf    00000008     ECE319K_Lab2main.o (.rodata.str1.21174342475641147541)
                  000014d7    00000007     ECE319K_Lab2main.o (.rodata.str1.178781905901035531171)
                  000014de    00000003     ECE319K_Lab2main.o (.rodata.str1.118321280633793557951)
                  000014e1    00000007     --HOLE-- [fill = 0]

.init_array 
*          0    00000000    00000000     UNINITIALIZED

.binit     0    00000000    00000000     

.sysmem    0    20200000    00000200     UNINITIALIZED
                  20200000    00000010     libc.a : memory.c.obj (.sysmem)
                  20200010    000001f0     --HOLE--

.bss       0    20200200    00000034     UNINITIALIZED
                  20200200    00000010     (.common:Inflag)
                  20200210    00000004     (.common:Duty)
                  20200214    00000004     (.common:FirstCount)
                  20200218    00000004     (.common:LastLED)
                  2020021c    00000004     (.common:M)
                  20200220    00000004     (.common:Period)
                  20200224    00000004     (.common:Phase)
                  20200228    00000004     (.common:SecondCount)
                  2020022c    00000004     (.common:SizeofEID)
                  20200230    00000004     (.common:TExaSadc)

.data      0    20200234    00000018     UNINITIALIZED
                  20200234    00000004     Clock.o (.data.BusFreq)
                  20200238    00000004     ECE319K_Lab2main.o (.data.Mode0)
                  2020023c    00000004     ECE319K_Lab2main.o (.data.Mode1)
                  20200240    00000004     ECE319K_Lab2main.o (.data.Mode2)
                  20200244    00000004     ECE319K_Lab2main.o (.data.Score)
                  20200248    00000004     ECE319K_Lab2main.o (.data.Time)

.stack     0    20207e00    00000200     UNINITIALIZED
                  20207e00    00000004     libc.a : boot_cortex_m.c.obj (.stack)
                  20207e04    000001fc     --HOLE--

__llvm_prf_cnts 
*          0    20200000    00000000     UNINITIALIZED

__llvm_prf_bits 
*          0    20200000    00000000     UNINITIALIZED

MODULE SUMMARY

       Module                         code   ro data   rw data
       ------                         ----   -------   -------
    .\
       ECE319K_Lab2main.o             1920   1047      72     
       Clock.o                        464    0         4      
       ECE319K_Lab2.o                 444    0         0      
       Timer.o                        332    0         0      
       UARTbusywait.o                 276    0         0      
       LaunchPad.o                    180    0         0      
       UART.o                         92     0         0      
       Dump.o                         2      0         0      
    +--+------------------------------+------+---------+---------+
       Total:                         3710   1047      76     
                                                              
    .\ticlang\
       startup_mspm0g3507_ticlang.o   12     192       0      
    +--+------------------------------+------+---------+---------+
       Total:                         12     192       0      
                                                              
    C:\ti\ccs1260\ccs\tools\compiler\ti-cgt-armllvm_3.2.1.LTS\lib\armv6m-ti-none-eabi/c/libc.a
       copy_decompress_lzss.c.obj     120    0         0      
       autoinit.c.obj                 60     0         0      
       boot_cortex_m.c.obj            40     0         0      
       copy_zero_init.c.obj           22     0         0      
       strcmp.c.obj                   20     0         0      
       copy_decompress_none.c.obj     18     0         0      
       memcpy16.S.obj                 18     0         0      
       exit.c.obj                     4      0         0      
       pre_init.c.obj                 4      0         0      
    +--+------------------------------+------+---------+---------+
       Total:                         306    0         0      
                                                              
    C:\ti\ccs1260\ccs\tools\compiler\ti-cgt-armllvm_3.2.1.LTS\lib\clang/15.0.7/lib/armv6m-ti-none-eabi/libclang_rt.builtins.a
       aeabi_uidivmod.S.obj           64     0         0      
       aeabi_memcpy.S.obj             8      0         0      
       aeabi_div0.c.obj               2      0         0      
    +--+------------------------------+------+---------+---------+
       Total:                         74     0         0      
                                                              
       Heap:                          0      0         512    
       Stack:                         0      0         512    
       Linker Generated:              0      48        0      
    +--+------------------------------+------+---------+---------+
       Grand Total:                   4102   1287      1100   


LINKER GENERATED COPY TABLES

__TI_cinit_table @ 00001508 records: 2, size/record: 8, table size: 16
	.data: load addr=000014e8, load size=0000000c bytes, run addr=20200234, run size=00000018 bytes, compression=lzss
	.bss: load addr=00001500, load size=00000008 bytes, run addr=20200200, run size=00000034 bytes, compression=zero_init


LINKER GENERATED HANDLER TABLE

__TI_handler_table @ 000014f4 records: 3, size/record: 4, table size: 12
	index: 0, handler: __TI_decompress_lzss
	index: 1, handler: __TI_decompress_none
	index: 2, handler: __TI_zero_init


GLOBAL SYMBOLS: SORTED ALPHABETICALLY BY Name 

address   name                          
-------   ----                          
000010b5  ADC0_IRQHandler               
000010b5  ADC1_IRQHandler               
00000721  ADC_Init                      
00000f91  ADC_Start                     
000010b5  AES_IRQHandler                
00000e8d  ActivatePortA_B               
00000d61  AddPoints                     
20200234  BusFreq                       
000010c4  C$$EXIT                       
000010b5  CANFD0_IRQHandler             
0000147c  ChangeMask                    
000010c8  ChangeProblem                 
00000a91  CheckInit                     
0000108f  Clock_Delay                   
000010a1  Clock_Freq                    
0000027d  Clock_Init80MHz               
000010b5  DAC0_IRQHandler               
000010b5  DMA_IRQHandler                
00000efb  Debug_Init                    
000010b5  Default_Handler               
000012f8  Duties                        
20200210  Duty                          
000000c0  EID                           
00000efd  EndLab2                       
20200214  FirstCount                    
000010b5  GROUP0_IRQHandler             
000010b5  GROUP1_IRQHandler             
000010b9  HardFault_Handler             
000010b5  I2C0_IRQHandler               
000010b5  I2C1_IRQHandler               
0000148c  InMux                         
20200200  Inflag                        
000014ac  LEDMask                       
00001208  LEDProblem                    
000000c8  Lab2                          
000005b9  Lab2Grader                    
20200218  LastLED                       
00000c6d  LaunchPad_Init                
2020021c  M                             
20200238  Mode0                         
2020023c  Mode1                         
20200240  Mode2                         
000010b5  NMI_Handler                   
000014b8  OutMux                        
000010b5  PendSV_Handler                
20200220  Period                        
20200224  Phase                         
000010b5  RTC_IRQHandler                
00001029  Random                        
00001009  Random32                      
000010bd  Reset_Handler                 
000010b5  SPI0_IRQHandler               
000010b5  SPI1_IRQHandler               
000010b5  SVC_Handler                   
20200244  Score                         
20200228  SecondCount                   
0000093d  ShowProblem                   
2020022c  SizeofEID                     
000010b5  SysTick_Handler               
20200230  TExaSadc                      
000010b5  TIMA0_IRQHandler              
000010b5  TIMA1_IRQHandler              
00000431  TIMG0_IRQHandler              
000010b5  TIMG12_IRQHandler             
000010b5  TIMG6_IRQHandler              
00000dbd  TIMG7_IRQHandler              
000010b5  TIMG8_IRQHandler              
0000106b  TI_memcpy_small               
20200248  Time                          
00000b35  TimerG0_IntArm                
000009e9  TimerG7_IntArm                
000010b5  UART0_IRQHandler              
000010b5  UART1_IRQHandler              
000010b5  UART2_IRQHandler              
000010b5  UART3_IRQHandler              
00000855  UART_Init                     
00000f65  UART_OutChar                  
00000fe1  UART_OutString                
00000ec5  UART_OutUDec                  
20208000  __STACK_END                   
00000200  __STACK_SIZE                  
00000200  __SYSMEM_SIZE                 
00000000  __TI_ATRegion0_region_sz      
00000000  __TI_ATRegion0_src_addr       
00000000  __TI_ATRegion0_trg_addr       
00000000  __TI_ATRegion1_region_sz      
00000000  __TI_ATRegion1_src_addr       
00000000  __TI_ATRegion1_trg_addr       
00000000  __TI_ATRegion2_region_sz      
00000000  __TI_ATRegion2_src_addr       
00000000  __TI_ATRegion2_trg_addr       
00001508  __TI_CINIT_Base               
00001518  __TI_CINIT_Limit              
00001518  __TI_CINIT_Warm               
000014f4  __TI_Handler_Table_Base       
00001500  __TI_Handler_Table_Limit      
00000e51  __TI_auto_init_nobinit_nopinit
00000ce9  __TI_decompress_lzss          
0000107d  __TI_decompress_none          
ffffffff  __TI_pprof_out_hndl           
ffffffff  __TI_prof_data_size           
ffffffff  __TI_prof_data_start          
00000000  __TI_static_base__            
00001041  __TI_zero_init_nomemset       
00001007  __aeabi_idiv0                 
000010ad  __aeabi_memcpy                
000010ad  __aeabi_memcpy4               
000010ad  __aeabi_memcpy8               
00000e11  __aeabi_uidiv                 
00000e11  __aeabi_uidivmod              
ffffffff  __binit__                     
UNDEFED   __mpu_init                    
20207e00  __stack                       
20200000  __start___llvm_prf_bits       
20200000  __start___llvm_prf_cnts       
20200000  __stop___llvm_prf_bits        
20200000  __stop___llvm_prf_cnts        
00000fb9  _c_int00_noargs               
20200000  _sys_memory                   
UNDEFED   _system_post_cinit            
000010c1  _system_pre_init              
000010c5  abort                         
ffffffff  binit                         
00000000  interruptVectors              
00000bd9  main                          
00000f31  setUpper                      
00001057  strcmp                        


GLOBAL SYMBOLS: SORTED BY Symbol Address 

address   name                          
-------   ----                          
00000000  __TI_ATRegion0_region_sz      
00000000  __TI_ATRegion0_src_addr       
00000000  __TI_ATRegion0_trg_addr       
00000000  __TI_ATRegion1_region_sz      
00000000  __TI_ATRegion1_src_addr       
00000000  __TI_ATRegion1_trg_addr       
00000000  __TI_ATRegion2_region_sz      
00000000  __TI_ATRegion2_src_addr       
00000000  __TI_ATRegion2_trg_addr       
00000000  __TI_static_base__            
00000000  interruptVectors              
000000c0  EID                           
000000c8  Lab2                          
00000200  __STACK_SIZE                  
00000200  __SYSMEM_SIZE                 
0000027d  Clock_Init80MHz               
00000431  TIMG0_IRQHandler              
000005b9  Lab2Grader                    
00000721  ADC_Init                      
00000855  UART_Init                     
0000093d  ShowProblem                   
000009e9  TimerG7_IntArm                
00000a91  CheckInit                     
00000b35  TimerG0_IntArm                
00000bd9  main                          
00000c6d  LaunchPad_Init                
00000ce9  __TI_decompress_lzss          
00000d61  AddPoints                     
00000dbd  TIMG7_IRQHandler              
00000e11  __aeabi_uidiv                 
00000e11  __aeabi_uidivmod              
00000e51  __TI_auto_init_nobinit_nopinit
00000e8d  ActivatePortA_B               
00000ec5  UART_OutUDec                  
00000efb  Debug_Init                    
00000efd  EndLab2                       
00000f31  setUpper                      
00000f65  UART_OutChar                  
00000f91  ADC_Start                     
00000fb9  _c_int00_noargs               
00000fe1  UART_OutString                
00001007  __aeabi_idiv0                 
00001009  Random32                      
00001029  Random                        
00001041  __TI_zero_init_nomemset       
00001057  strcmp                        
0000106b  TI_memcpy_small               
0000107d  __TI_decompress_none          
0000108f  Clock_Delay                   
000010a1  Clock_Freq                    
000010ad  __aeabi_memcpy                
000010ad  __aeabi_memcpy4               
000010ad  __aeabi_memcpy8               
000010b5  ADC0_IRQHandler               
000010b5  ADC1_IRQHandler               
000010b5  AES_IRQHandler                
000010b5  CANFD0_IRQHandler             
000010b5  DAC0_IRQHandler               
000010b5  DMA_IRQHandler                
000010b5  Default_Handler               
000010b5  GROUP0_IRQHandler             
000010b5  GROUP1_IRQHandler             
000010b5  I2C0_IRQHandler               
000010b5  I2C1_IRQHandler               
000010b5  NMI_Handler                   
000010b5  PendSV_Handler                
000010b5  RTC_IRQHandler                
000010b5  SPI0_IRQHandler               
000010b5  SPI1_IRQHandler               
000010b5  SVC_Handler                   
000010b5  SysTick_Handler               
000010b5  TIMA0_IRQHandler              
000010b5  TIMA1_IRQHandler              
000010b5  TIMG12_IRQHandler             
000010b5  TIMG6_IRQHandler              
000010b5  TIMG8_IRQHandler              
000010b5  UART0_IRQHandler              
000010b5  UART1_IRQHandler              
000010b5  UART2_IRQHandler              
000010b5  UART3_IRQHandler              
000010b9  HardFault_Handler             
000010bd  Reset_Handler                 
000010c1  _system_pre_init              
000010c4  C$$EXIT                       
000010c5  abort                         
000010c8  ChangeProblem                 
00001208  LEDProblem                    
000012f8  Duties                        
0000147c  ChangeMask                    
0000148c  InMux                         
000014ac  LEDMask                       
000014b8  OutMux                        
000014f4  __TI_Handler_Table_Base       
00001500  __TI_Handler_Table_Limit      
00001508  __TI_CINIT_Base               
00001518  __TI_CINIT_Limit              
00001518  __TI_CINIT_Warm               
20200000  __start___llvm_prf_bits       
20200000  __start___llvm_prf_cnts       
20200000  __stop___llvm_prf_bits        
20200000  __stop___llvm_prf_cnts        
20200000  _sys_memory                   
20200200  Inflag                        
20200210  Duty                          
20200214  FirstCount                    
20200218  LastLED                       
2020021c  M                             
20200220  Period                        
20200224  Phase                         
20200228  SecondCount                   
2020022c  SizeofEID                     
20200230  TExaSadc                      
20200234  BusFreq                       
20200238  Mode0                         
2020023c  Mode1                         
20200240  Mode2                         
20200244  Score                         
20200248  Time                          
20207e00  __stack                       
20208000  __STACK_END                   
ffffffff  __TI_pprof_out_hndl           
ffffffff  __TI_prof_data_size           
ffffffff  __TI_prof_data_start          
ffffffff  __binit__                     
ffffffff  binit                         
UNDEFED   __mpu_init                    
UNDEFED   _system_post_cinit            

[127 symbols]
